C51 COMPILER V9.60.0.0   MAIN                                                              03/22/2022 15:32:53 PAGE 1   


C51 COMPILER V9.60.0.0, COMPILATION OF MODULE MAIN
OBJECT MODULE PLACED IN .\Objects\main.obj
COMPILER INVOKED BY: C:\Keil_v5\C51\BIN\C51.EXE ..\Source\main.c OPTIMIZE(8,SPEED) BROWSE DEBUG OBJECTEXTEND PRINT(.\Lis
                    -tings\main.lst) TABS(2) OBJECT(.\Objects\main.obj)

line level    source

   1          #include <reg51.h>
   2          #include "delay.h"
   3          #include "led.h"
   4          #include "timer.h"
   5          #include "ExternalInterrupt.h"
   6          
   7          void main(void)
   8          {
   9   1        /**
  10   1         * 1.使用定时器 0，方式 2
  11   1         *   控制 LED0 实现呼吸灯功能，即灯从暗变到亮，再从亮变到暗。
  12   1         *
  13   1         * 2.使用定时器 1，方式 2
  14   1         *   按键控制调节 LED1 的亮度。按下第一次亮度为 20%，再按一次，亮度为 50%，
  15   1         *   第三次按下，亮度为 80%，第四次按下，LED1 灭。再次按下重复之前步骤。
  16   1         */
  17   1      
  18   1        // 定时器初始化
  19   1        Init_T0_MODE2();
  20   1        Init_T1_MODE2();
  21   1      
  22   1        // 外部中断0 初始化
  23   1        Init_INT0();
  24   1      
  25   1        while (1)
  26   1        {
  27   2          ;
  28   2          // // 点亮 LED1~LED4
  29   2          // TurnOnLED(0);
  30   2          // TurnOnLED(1);
  31   2          // TurnOnLED(2);
  32   2          // TurnOnLED(3);
  33   2        }
  34   1      }


MODULE INFORMATION:   STATIC OVERLAYABLE
   CODE SIZE        =     11    ----
   CONSTANT SIZE    =   ----    ----
   XDATA SIZE       =   ----    ----
   PDATA SIZE       =   ----    ----
   DATA SIZE        =   ----    ----
   IDATA SIZE       =   ----    ----
   BIT SIZE         =   ----    ----
END OF MODULE INFORMATION.


C51 COMPILATION COMPLETE.  0 WARNING(S),  0 ERROR(S)
