C51 COMPILER V9.60.0.0   DELAY                                                             03/18/2022 09:38:27 PAGE 1   


C51 COMPILER V9.60.0.0, COMPILATION OF MODULE DELAY
OBJECT MODULE PLACED IN .\Objects\delay.obj
COMPILER INVOKED BY: C:\Keil_v5\C51\BIN\C51.EXE ..\Source\delay.c OPTIMIZE(8,SPEED) BROWSE DEBUG OBJECTEXTEND PRINT(.\Li
                    -stings\delay.lst) TABS(2) OBJECT(.\Objects\delay.obj)

line level    source

   1          #include "delay.h"
   2          
   3          
   4          // 延迟函数(单位 ms)
   5          void DelayXms(unsigned int ms) // 延时 xms
   6          {
   7   1          unsigned int i, j;
   8   1          for (i = 0; i < ms; i++)
   9   1          {
  10   2              // 完整循环完是 1000 次，即 1ms
  11   2              for (j = 0; j < 333; j++)
  12   2                  ; // 空指令
  13   2          }
  14   1      }
  15          
  16          // 延迟函数(单位 s)
  17          void DelayXs(unsigned int s) // 延时 xms
  18          {
  19   1          unsigned int i, j;
  20   1          for (i = 0; i < s; i++)
  21   1          {
  22   2              DelayXms(1000);
  23   2          }
  24   1      }
*** WARNING C280 IN LINE 19 OF ..\Source\delay.c: 'j': unreferenced local variable


MODULE INFORMATION:   STATIC OVERLAYABLE
   CODE SIZE        =     61    ----
   CONSTANT SIZE    =   ----    ----
   XDATA SIZE       =   ----    ----
   PDATA SIZE       =   ----    ----
   DATA SIZE        =   ----       4
   IDATA SIZE       =   ----    ----
   BIT SIZE         =   ----    ----
END OF MODULE INFORMATION.


C51 COMPILATION COMPLETE.  1 WARNING(S),  0 ERROR(S)
