C51 COMPILER V9.60.0.0   MAIN                                                              03/25/2022 11:15:21 PAGE 1   


C51 COMPILER V9.60.0.0, COMPILATION OF MODULE MAIN
OBJECT MODULE PLACED IN .\Objects\main.obj
COMPILER INVOKED BY: C:\Keil_v5\C51\BIN\C51.EXE ..\Source\main.c OPTIMIZE(8,SPEED) BROWSE DEBUG OBJECTEXTEND PRINT(.\Lis
                    -tings\main.lst) TABS(2) OBJECT(.\Objects\main.obj)

line level    source

   1          #include <reg51.h>
   2          #include "delay.h"
   3          #include "iic.h"
   4          #include "lcd1602.h"
   5          
   6          void main(void)
   7          {
   8   1        unsigned char ad; // 从 PCF8591 得到的 AD 值
   9   1        float v0 = 0;     // AD 值对应的电压
  10   1        /* 电压计算公式：V_i=(AD/2^n)V_ref
  11   1          （其中 n 为 ADC 位数，实验中的 PCF8591 是 8bit 的，n=256）*/
  12   1      
  13   1        LCD1602_Init();
  14   1        LCD1602_string(0, 0, "test");
  15   1      
  16   1        while (1)
  17   1        {
  18   2          // 一下过程参考第三种情况（连续读写）
  19   2          IIC_Start();
  20   2          IIC_Send_Byte(0x90);        // 写入控制字节（写入地址，指明设备）
  21   2                                      // 1001 开头，A2=A1=A1=0，写为低电平，0）
  22   2          if (IIC_Check_ACK() == ACK) // 如果应答（找到了设备）
  23   2          {
  24   3            IIC_Send_Byte(0x00);        // 写入控制字节（向该设备说明模式）
  25   3            if (IIC_Check_ACK() == ACK) // 如果应答
  26   3            {
  27   4              IIC_Start();
  28   4              IIC_Send_Byte(0x91);        // 读内容
  29   4                                          // 1001 开头，A2=A1=A1=0，读为高电平，1）
  30   4              if (IIC_Check_ACK() == ACK) // 如果应答，可以接收数据
  31   4              {
  32   5                ad = IIC_Read_Byte(); // 读出 AD 值
  33   5                IIC_Send_ACK(NACK);   // 不需要再接收了，返回非应答
  34   5      
  35   5                // AD 值转换为电压值 v0
  36   5                v0 = (ad / 256.0) * 5.0;
  37   5                v0 *= 100; // 放大100倍，方便显示
  38   5      
  39   5                // 用LCD1602显示
  40   5                LCD1602_2num(1, 5, (int)v0 / 100);
  41   5                LCD1602_char(1, 7, '.'); 
  42   5                LCD1602_2num(1, 8, (int)v0 % 100);
  43   5                LCD1602_char(1, 10, 'v'); 
  44   5      
  45   5              }
  46   4            }
  47   3          }
  48   2          IIC_End(); // 结束本次读取，发出中止信号
  49   2      
  50   2          DelayXms(100); // 等一会儿
  51   2        }
  52   1      }


C51 COMPILER V9.60.0.0   MAIN                                                              03/25/2022 11:15:21 PAGE 2   

MODULE INFORMATION:   STATIC OVERLAYABLE
   CODE SIZE        =    212    ----
   CONSTANT SIZE    =      5    ----
   XDATA SIZE       =   ----    ----
   PDATA SIZE       =   ----    ----
   DATA SIZE        =   ----       5
   IDATA SIZE       =   ----    ----
   BIT SIZE         =   ----    ----
END OF MODULE INFORMATION.


C51 COMPILATION COMPLETE.  0 WARNING(S),  0 ERROR(S)
